exports[`test normalizes events correctly 1`] = `
Object {
  "entities": Object {
    "events": Object {
      "6723241817": Object {
        "_entityUrl": false,
        "_fetchedAt": 1508189841664,
        "_isAuth": false,
        "_isComplete": false,
        "actor": "machour2",
        "createdAt": 1508176374000,
        "id": "6723241817",
        "org": null,
        "payload": Object {
          "action": "created",
          "comment": Object {
            "author_association": "NONE",
            "body": "bla",
            "created_at": "2017-10-16T17:52:54Z",
            "html_url": "https://github.com/machour/git-point-playground/issues/15#issuecomment-336970090",
            "id": 336970090,
            "issue_url": "https://api.github.com/repos/machour/git-point-playground/issues/15",
            "updated_at": "2017-10-16T17:52:54Z",
            "url": "https://api.github.com/repos/machour/git-point-playground/issues/comments/336970090",
            "user": Object {
              "avatar_url": "https://avatars0.githubusercontent.com/u/32770098?v=4",
              "events_url": "https://api.github.com/users/machour2/events{/privacy}",
              "followers_url": "https://api.github.com/users/machour2/followers",
              "following_url": "https://api.github.com/users/machour2/following{/other_user}",
              "gists_url": "https://api.github.com/users/machour2/gists{/gist_id}",
              "gravatar_id": "",
              "html_url": "https://github.com/machour2",
              "id": 32770098,
              "login": "machour2",
              "organizations_url": "https://api.github.com/users/machour2/orgs",
              "received_events_url": "https://api.github.com/users/machour2/received_events",
              "repos_url": "https://api.github.com/users/machour2/repos",
              "site_admin": false,
              "starred_url": "https://api.github.com/users/machour2/starred{/owner}{/repo}",
              "subscriptions_url": "https://api.github.com/users/machour2/subscriptions",
              "type": "User",
              "url": "https://api.github.com/users/machour2",
            },
          },
          "issue": Object {
            "assignee": null,
            "assignees": Array [],
            "author_association": "NONE",
            "body": "",
            "closed_at": null,
            "comments": 0,
            "comments_url": "https://api.github.com/repos/machour/git-point-playground/issues/15/comments",
            "created_at": "2017-10-16T17:31:03Z",
            "events_url": "https://api.github.com/repos/machour/git-point-playground/issues/15/events",
            "html_url": "https://github.com/machour/git-point-playground/issues/15",
            "id": 265851173,
            "labels": Array [],
            "labels_url": "https://api.github.com/repos/machour/git-point-playground/issues/15/labels{/name}",
            "locked": false,
            "milestone": null,
            "number": 15,
            "repository_url": "https://api.github.com/repos/machour/git-point-playground",
            "state": "open",
            "title": "notif",
            "updated_at": "2017-10-16T17:52:54Z",
            "url": "https://api.github.com/repos/machour/git-point-playground/issues/15",
            "user": Object {
              "avatar_url": "https://avatars0.githubusercontent.com/u/32770098?v=4",
              "events_url": "https://api.github.com/users/machour2/events{/privacy}",
              "followers_url": "https://api.github.com/users/machour2/followers",
              "following_url": "https://api.github.com/users/machour2/following{/other_user}",
              "gists_url": "https://api.github.com/users/machour2/gists{/gist_id}",
              "gravatar_id": "",
              "html_url": "https://github.com/machour2",
              "id": 32770098,
              "login": "machour2",
              "organizations_url": "https://api.github.com/users/machour2/orgs",
              "received_events_url": "https://api.github.com/users/machour2/received_events",
              "repos_url": "https://api.github.com/users/machour2/repos",
              "site_admin": false,
              "starred_url": "https://api.github.com/users/machour2/starred{/owner}{/repo}",
              "subscriptions_url": "https://api.github.com/users/machour2/subscriptions",
              "type": "User",
              "url": "https://api.github.com/users/machour2",
            },
          },
        },
        "repo": "machour/git-point-playground",
        "type": "IssueCommentEvent",
      },
      "6723243870": Object {
        "_entityUrl": false,
        "_fetchedAt": 1508189841664,
        "_isAuth": false,
        "_isComplete": false,
        "actor": "machour2",
        "createdAt": 1508176399000,
        "id": "6723243870",
        "org": null,
        "payload": Object {
          "action": "created",
          "comment": Object {
            "author_association": "NONE",
            "body": "plop",
            "created_at": "2017-10-16T17:53:19Z",
            "html_url": "https://github.com/machour/git-point-playground/issues/14#issuecomment-336970278",
            "id": 336970278,
            "issue_url": "https://api.github.com/repos/machour/git-point-playground/issues/14",
            "updated_at": "2017-10-16T17:53:19Z",
            "url": "https://api.github.com/repos/machour/git-point-playground/issues/comments/336970278",
            "user": Object {
              "avatar_url": "https://avatars0.githubusercontent.com/u/32770098?v=4",
              "events_url": "https://api.github.com/users/machour2/events{/privacy}",
              "followers_url": "https://api.github.com/users/machour2/followers",
              "following_url": "https://api.github.com/users/machour2/following{/other_user}",
              "gists_url": "https://api.github.com/users/machour2/gists{/gist_id}",
              "gravatar_id": "",
              "html_url": "https://github.com/machour2",
              "id": 32770098,
              "login": "machour2",
              "organizations_url": "https://api.github.com/users/machour2/orgs",
              "received_events_url": "https://api.github.com/users/machour2/received_events",
              "repos_url": "https://api.github.com/users/machour2/repos",
              "site_admin": false,
              "starred_url": "https://api.github.com/users/machour2/starred{/owner}{/repo}",
              "subscriptions_url": "https://api.github.com/users/machour2/subscriptions",
              "type": "User",
              "url": "https://api.github.com/users/machour2",
            },
          },
          "issue": Object {
            "assignee": null,
            "assignees": Array [],
            "author_association": "NONE",
            "body": "",
            "closed_at": null,
            "comments": 1,
            "comments_url": "https://api.github.com/repos/machour/git-point-playground/issues/14/comments",
            "created_at": "2017-10-15T14:48:14Z",
            "events_url": "https://api.github.com/repos/machour/git-point-playground/issues/14/events",
            "html_url": "https://github.com/machour/git-point-playground/issues/14",
            "id": 265577462,
            "labels": Array [],
            "labels_url": "https://api.github.com/repos/machour/git-point-playground/issues/14/labels{/name}",
            "locked": false,
            "milestone": null,
            "number": 14,
            "repository_url": "https://api.github.com/repos/machour/git-point-playground",
            "state": "open",
            "title": "more test",
            "updated_at": "2017-10-16T17:53:19Z",
            "url": "https://api.github.com/repos/machour/git-point-playground/issues/14",
            "user": Object {
              "avatar_url": "https://avatars0.githubusercontent.com/u/32770098?v=4",
              "events_url": "https://api.github.com/users/machour2/events{/privacy}",
              "followers_url": "https://api.github.com/users/machour2/followers",
              "following_url": "https://api.github.com/users/machour2/following{/other_user}",
              "gists_url": "https://api.github.com/users/machour2/gists{/gist_id}",
              "gravatar_id": "",
              "html_url": "https://github.com/machour2",
              "id": 32770098,
              "login": "machour2",
              "organizations_url": "https://api.github.com/users/machour2/orgs",
              "received_events_url": "https://api.github.com/users/machour2/received_events",
              "repos_url": "https://api.github.com/users/machour2/repos",
              "site_admin": false,
              "starred_url": "https://api.github.com/users/machour2/starred{/owner}{/repo}",
              "subscriptions_url": "https://api.github.com/users/machour2/subscriptions",
              "type": "User",
              "url": "https://api.github.com/users/machour2",
            },
          },
        },
        "repo": "machour/git-point-playground",
        "type": "IssueCommentEvent",
      },
    },
    "repos": Object {
      "machour/git-point-playground": Object {
        "_entityUrl": "https://github.com/machour/git-point-playground",
        "_fetchedAt": 1508189841664,
        "_isAuth": false,
        "_isComplete": false,
        "fullName": "machour/git-point-playground",
        "id": "machour/git-point-playground",
        "shortName": "git-point-playground",
      },
    },
    "users": Object {
      "machour2": Object {
        "_entityUrl": false,
        "_fetchedAt": 1508189841664,
        "_isAuth": false,
        "_isComplete": false,
        "avatarUrl": "https://avatars.githubusercontent.com/u/32770098?",
        "id": "machour2",
        "login": "machour2",
      },
    },
  },
  "result": Array [
    "6723243870",
    "6723241817",
  ],
}
`;

exports[`test normalizes notifications correctly 1`] = `
Object {
  "entities": Object {
    "notifications": Object {
      "266802681": Object {
        "_entityUrl": false,
        "_fetchedAt": 1508189841664,
        "_isAuth": false,
        "_isComplete": false,
        "id": "266802681",
        "link": "https://api.github.com/repos/machour/git-point-playground/issues/14",
        "reason": "subscribed",
        "repo": "machour/git-point-playground",
        "title": "more test",
        "type": "Issue",
        "unread": true,
        "updatedAt": 1508176400000,
      },
      "267118003": Object {
        "_entityUrl": false,
        "_fetchedAt": 1508189841664,
        "_isAuth": false,
        "_isComplete": false,
        "id": "267118003",
        "link": "https://api.github.com/repos/machour/git-point-playground/issues/15",
        "reason": "subscribed",
        "repo": "machour/git-point-playground",
        "title": "notif",
        "type": "Issue",
        "unread": true,
        "updatedAt": 1508176376000,
      },
    },
    "repos": Object {
      "machour/git-point-playground": Object {
        "_entityUrl": "https://github.com/machour/git-point-playground",
        "_fetchedAt": 1508189841664,
        "_isAuth": false,
        "_isComplete": false,
        "description": null,
        "fullName": "machour/git-point-playground",
        "id": "machour/git-point-playground",
        "orgOwner": false,
        "private": false,
        "shortName": "git-point-playground",
        "userOwner": "machour",
      },
    },
    "users": Object {
      "machour": Object {
        "_entityUrl": false,
        "_fetchedAt": 1508189841664,
        "_isAuth": false,
        "_isComplete": false,
        "avatarUrl": "https://avatars2.githubusercontent.com/u/304450?v=4",
        "id": "machour",
        "login": "machour",
      },
    },
  },
  "result": Array [
    "266802681",
    "267118003",
  ],
}
`;

exports[`test normalizes org correctly 1`] = `
Object {
  "entities": Object {
    "orgs": Object {
      "gitpoint": Object {
        "_entityUrl": "https://github.com/gitpoint",
        "_fetchedAt": 1508189841664,
        "_isAuth": false,
        "_isComplete": true,
        "avatarUrl": "https://avatars0.githubusercontent.com/u/30082377?v=4&updatedAt=1501807857000",
        "countPrivateRepos": 0,
        "countPublicRepos": 2,
        "countRepos": 2,
        "createdAt": 1499788147000,
        "description": "An open source GitHub client for iOS and Android. Built with React Native :iphone:",
        "id": "gitpoint",
        "location": "Toronto",
        "login": "gitpoint",
        "name": "GitPoint",
        "updatedAt": 1501807857000,
        "webSite": "https://gitpoint.co",
      },
    },
  },
  "result": "gitpoint",
}
`;

exports[`test normalizes repo correctly 1`] = `
Object {
  "entities": Object {
    "orgs": Object {
      "gitpoint": Object {
        "_entityUrl": "https://github.com/gitpoint",
        "_fetchedAt": 1508189841664,
        "_isAuth": false,
        "_isComplete": false,
        "avatarUrl": "https://avatars0.githubusercontent.com/u/30082377?v=4",
        "id": "gitpoint",
        "login": "gitpoint",
      },
    },
    "repos": Object {
      "gitpoint/git-point": Object {
        "_entityUrl": "https://github.com/gitpoint/git-point",
        "_fetchedAt": 1508189841664,
        "_isAuth": false,
        "_isComplete": false,
        "countForks": 224,
        "countOpenIssues": 93,
        "countStargazzers": 2501,
        "countWatchers": 2501,
        "defaultBranch": "master",
        "description": "GitHub in your pocket :iphone:",
        "fullName": "gitpoint/git-point",
        "hasIssues": true,
        "id": "gitpoint/git-point",
        "language": "JavaScript",
        "orgOwner": "gitpoint",
        "private": false,
        "shortName": "git-point",
        "userOwner": false,
      },
    },
  },
  "result": "gitpoint/git-point",
}
`;

exports[`test normalizes user correctly 1`] = `
Object {
  "entities": Object {
    "users": Object {
      "machour": Object {
        "_entityUrl": "https://github.com/machour",
        "_fetchedAt": 1508189841664,
        "_isAuth": false,
        "_isComplete": true,
        "avatarUrl": "https://avatars2.githubusercontent.com/u/304450?v=4&updatedAt=1507576478000",
        "bio": null,
        "company": "IDK",
        "countFollowers": 65,
        "countFollowing": 43,
        "countPrivateRepos": 0,
        "countPublicRepos": 56,
        "countRepos": 56,
        "createdAt": 1276477765000,
        "fullName": "Mehdi Achour",
        "id": "machour",
        "location": "Tunis",
        "login": "machour",
        "updatedAt": 1507576478000,
        "webSite": "https://machour.idk.tn/",
      },
    },
  },
  "result": "machour",
}
`;
